[seanobrien.com.au/index.html]
[aus120.b-cdn.net/wp-content/cache/minify/f2bac.default.include.786ce9.css]
[aus120.b-cdn.net/wp-content/uploads/Gravatar2011.png]
[backblue.gif]
[fade.gif]
[index.html]
[aus120.b-cdn.net/wp-content/uploads/logo-black.png]
[aus120.b-cdn.net/wp-content/uploads/useanyfont/8273inter-regular.woff2]
[aus120.b-cdn.net/wp-content/uploads/useanyfont/9023berthold-extended.woff2]
[aus120.b-cdn.net/wp-content/themes/aus120/css/fonts/fontawesome-webfont.woff]
[aus120.b-cdn.net/wp-content/uploads/O4D6213-copy.jpg]
[aus120.b-cdn.net/wp-content/uploads/useanyfont/uaf.css]
[aus120.b-cdn.net/wp-content/themes/aus120/css/font-awesome-legacy.min.css]
[aus120.b-cdn.net/wp-content/themes/aus120/css/build/grid-system.css]
[aus120.b-cdn.net/wp-content/themes/aus120/css/build/style.css]
[aus120.b-cdn.net/index.html]
[aus120.b-cdn.net/wp-content/themes/aus120/css/build/header/header-perma-transparent.css]
[aus120.b-cdn.net/wp-content/themes/aus120/css/build/elements/element-video-lightbox.css]
[aus120.b-cdn.net/wp-content/themes/aus120/css/build/elements/element-clients.css]
[aus120.b-cdn.net/wp-content/themes/aus120/css/build/responsive.css]
[aus120.b-cdn.net/wp-content/themes/aus120/css/build/skin-material.css]
[aus120.b-cdn.net/wp-content/uploads/salient/menu-dynamic.css]
[aus120.b-cdn.net/wp-content/themes/aus120/css/salient-dynamic-styles.css]
[aus120.b-cdn.net/wp-content/themes/aus120-child/style.css]
[aus120.b-cdn.net/wp-content/themes/aus120/css/build/blog/auto-masonry-meta-overlaid-spaced.css]
[aus120.b-cdn.net/wp-content/themes/aus120/css/build/elements/element-post-grid.css]
[aus120.b-cdn.net/wp-includes/js/jquery/jquery.min.js]
[aus120.b-cdn.net/wp-content/plugins/wp-table-reloaded/css/plugin.css]
[aus120.b-cdn.net/wp-content/plugins/wp-table-reloaded/css/datatables.css]
[aus120.b-cdn.net/wp-content/uploads/logo.png]
[aus120.b-cdn.net/wp-content/uploads/sean-obrien-aus120-header-1-4.jpg]
[aus120.b-cdn.net/wp-content/uploads/australia.svg]
[aus120.b-cdn.net/wp-content/uploads/brisbane-logo-dark.svg]
[aus120.b-cdn.net/wp-content/uploads/starboard-word.svg]
[aus120.b-cdn.net/wp-content/uploads/severne-SV-BOOM-black.svg]
[aus120.b-cdn.net/wp-content/uploads/sponsor-superfit-1.png]
[aus120.b-cdn.net/wp-content/uploads/jobfins-black.svg]
[aus120.b-cdn.net/wp-content/uploads/52inkicks-logo-black.svg]
[aus120.b-cdn.net/wp-content/uploads/screens.jpg]
[aus120.b-cdn.net/wp-content/uploads/SLAKE-black.svg]
[aus120.b-cdn.net/wp-content/uploads/World-Sailing-Logo.svg]
[aus120.b-cdn.net/wp-content/uploads/brisbane-logo-white.svg]
[aus120.b-cdn.net/wp-content/plugins/perfmatters/js/analytics.js]
[aus120.b-cdn.net/wp-content/plugins/js_composer_salient/assets/lib/bower/animate-css/animate.min.css]
[aus120.b-cdn.net/wp-content/themes/aus120/css/build/style-non-critical.css]
[aus120.b-cdn.net/wp-content/themes/aus120/css/build/plugins/jquery.fancybox.css]
[aus120.b-cdn.net/wp-content/themes/aus120/css/build/off-canvas/core.css]
[aus120.b-cdn.net/wp-content/themes/aus120/css/build/off-canvas/simple-dropdown.css]
[aus120.b-cdn.net/wp-content/themes/aus120/js/build/third-party/jquery.easing.min.js]
[aus120.b-cdn.net/wp-content/themes/aus120/js/build/third-party/jquery.mousewheel.min.js]
[aus120.b-cdn.net/wp-content/themes/aus120/js/build/priority.js]
[aus120.b-cdn.net/wp-content/themes/aus120/js/build/third-party/transit.min.js]
[aus120.b-cdn.net/wp-content/themes/aus120/js/build/third-party/waypoints.js]
[aus120.b-cdn.net/wp-content/plugins/salient-portfolio/js/third-party/imagesLoaded.min.js]
[aus120.b-cdn.net/wp-content/themes/aus120/js/build/third-party/hoverintent.min.js]
[aus120.b-cdn.net/wp-content/themes/aus120/js/build/third-party/jquery.fancybox.min.js]
[aus120.b-cdn.net/wp-content/themes/aus120/js/build/third-party/anime.min.js]
[aus120.b-cdn.net/wp-content/themes/aus120/js/build/third-party/superfish.js]
[aus120.b-cdn.net/wp-content/themes/aus120/js/build/init.js]
[aus120.b-cdn.net/wp-content/plugins/salient-core/js/third-party/touchswipe.min.js]
[aus120.b-cdn.net/wp-includes/js/comment-reply.min.js]
[aus120.b-cdn.net/wp-content/plugins/perfmatters/js/lazyload.min.js]
[aus120.b-cdn.net/wp-content/plugins/perfmatters/vendor/instant-page/instantpage.js]
[aus120.b-cdn.net/wp-content/plugins/js_composer_salient/assets/js/dist/js_composer_front.min.js]
[seanobrien.com.au/index.html]
[aus120.b-cdn.net/wp-content/plugins/elfsight-instagram-feed-cc/assets/elfsight-instagram-feed.js]
[aus120.b-cdn.net/index.html]
[aus120.b-cdn.net/wp-content/uploads/O4D6213-copy.jpg]
[aus120.b-cdn.net/wp-content/themes/aus120/img/icons/loading-white-bg.gif]
[aus120.b-cdn.net/wp-includes/js/jquery/jquery.min.js]
[aus120.b-cdn.net/wp-content/plugins/perfmatters/js/analytics.js]
[aus120.b-cdn.net/wp-content/themes/aus120/js/build/third-party/jquery.fancybox.min.js]
[aus120.b-cdn.net/wp-content/themes/aus120/js/build/third-party/anime.min.js]
[aus120.b-cdn.net/wp-content/plugins/salient-core/js/third-party/touchswipe.min.js]
[aus120.b-cdn.net/wp-content/themes/aus120/js/build/init.js]
[aus120.b-cdn.net/wp-content/uploads/sean-obrien-aus120-header-1-4.jpg]
[aus120.b-cdn.net/wp-content/uploads/useanyfont/8273inter-regular.woff2]
[aus120.b-cdn.net/wp-content/plugins/js_composer_salient/assets/images/toggle_open.png]
[aus120.b-cdn.net/wp-content/plugins/elfsight-instagram-feed-cc/assets/elfsight-instagram-feed.js]
[aus120.b-cdn.net/wp-content/plugins/js_composer_salient/assets/images/toggle_close.png]
[aus120.b-cdn.net/wp-content/plugins/js_composer_salient/assets/images/spinner.gif]
[aus120.b-cdn.net/wp-content/plugins/js_composer_salient/assets/vc/tick.png]
[aus120.b-cdn.net/wp-content/plugins/js_composer_salient/assets/vc/remove.png]
[aus120.b-cdn.net/wp-content/cache/minify/f2bac.default.include.786ce9.css]
[aus120.b-cdn.net/wp-content/uploads/useanyfont/9023berthold-extended.woff2]
[aus120.b-cdn.net/wp-content/uploads/useanyfont/8273inter-regular.woff]
[aus120.b-cdn.net/wp-content/uploads/useanyfont/9023berthold-extended.woff]
[aus120.b-cdn.net/wp-content/uploads/useanyfont/4397public-sans.woff2]
[aus120.b-cdn.net/wp-content/uploads/useanyfont/4397public-sans.woff]
[aus120.b-cdn.net/wp-content/uploads/useanyfont/3811opensauce-regular.woff2]
[aus120.b-cdn.net/wp-content/uploads/useanyfont/3811opensauce-regular.woff]
[aus120.b-cdn.net/wp-content/uploads/useanyfont/189public-sans-bold.woff2]
[aus120.b-cdn.net/wp-content/uploads/useanyfont/189public-sans-bold.woff]
[aus120.b-cdn.net/wp-content/uploads/useanyfont/9198manrope-bold.woff2]
[aus120.b-cdn.net/wp-content/uploads/useanyfont/9198manrope-bold.woff]
[aus120.b-cdn.net/wp-content/uploads/useanyfont/1901manrope-regular.woff2]
[aus120.b-cdn.net/wp-content/uploads/useanyfont/1901manrope-regular.woff]
[aus120.b-cdn.net/wp-content/uploads/useanyfont/uaf.css]
[aus120.b-cdn.net/wp-content/themes/aus120/css/font-awesome-legacy.min.css]
[aus120.b-cdn.net/wp-content/themes/aus120/css/build/grid-system.css]
[aus120.b-cdn.net/wp-content/themes/aus120/img/icons/quote.png]
[aus120.b-cdn.net/wp-content/themes/aus120/img/icons/link.png]
[aus120.b-cdn.net/wp-content/themes/aus120/img/icons/status.png]
[aus120.b-cdn.net/wp-content/themes/aus120/img/icons/quote-2x.png]
[aus120.b-cdn.net/wp-content/themes/aus120/img/icons/link-2x.png]
[aus120.b-cdn.net/wp-content/themes/aus120/css/fonts/fontawesome-webfont.svg]
[aus120.b-cdn.net/wp-content/themes/aus120/img/icons/portfolio-arrows.png]
[aus120.b-cdn.net/wp-content/themes/aus120/img/icons/portfolio-arrows-2x.png]
[aus120.b-cdn.net/wp-content/themes/aus120/img/icons/comment-children-line.jpg]
[aus120.b-cdn.net/wp-content/themes/aus120/css/build/style.css]
[aus120.b-cdn.net/wp-content/themes/aus120/css/build/header/header-perma-transparent.css]
[aus120.b-cdn.net/wp-content/themes/aus120/css/build/elements/element-video-lightbox.css]
[aus120.b-cdn.net/wp-content/themes/aus120/css/build/elements/element-clients.css]
[aus120.b-cdn.net/wp-content/themes/aus120/css/build/responsive.css]
[aus120.b-cdn.net/wp-content/themes/aus120/css/build/skin-material.css]
[aus120.b-cdn.net/wp-content/uploads/salient/menu-dynamic.css]
[aus120.b-cdn.net/wp-content/themes/aus120/css/salient-dynamic-styles.css]
[aus120.b-cdn.net/wp-content/themes/aus120/css/fonts/icomoon.svg]
[aus120.b-cdn.net/wp-content/themes/aus120-child/img/cookie-monster-consent.svg]
[aus120.b-cdn.net/wp-content/themes/aus120-child/img/diamond.59.delayed]
[aus120.b-cdn.net/wp-content/themes/aus120-child/style.css]
[aus120.b-cdn.net/wp-content/themes/aus120/css/build/blog/auto-masonry-meta-overlaid-spaced.css]
[aus120.b-cdn.net/wp-content/themes/aus120/css/build/elements/element-post-grid.css]
[aus120.b-cdn.net/wp-content/plugins/wp-table-reloaded/css/plugin.css]
[aus120.b-cdn.net/wp-content/plugins/wp-table-reloaded/img/bg.gif]
[aus120.b-cdn.net/wp-content/plugins/wp-table-reloaded/img/asc.gif]
[aus120.b-cdn.net/wp-content/plugins/wp-table-reloaded/img/desc.gif]
[aus120.b-cdn.net/wp-content/plugins/wp-table-reloaded/img/back_disabled.jpg]
[aus120.b-cdn.net/wp-content/plugins/wp-table-reloaded/img/back_enabled.jpg]
[aus120.b-cdn.net/wp-content/plugins/wp-table-reloaded/img/forward_disabled.jpg]
[aus120.b-cdn.net/wp-content/plugins/wp-table-reloaded/img/forward_enabled.jpg]
[aus120.b-cdn.net/wp-content/plugins/wp-table-reloaded/css/datatables.css]
[aus120.b-cdn.net/wp-content/uploads/australia.svg]
[aus120.b-cdn.net/wp-content/uploads/brisbane-logo-dark.svg]
[aus120.b-cdn.net/wp-content/uploads/starboard-word.svg]
[aus120.b-cdn.net/wp-content/uploads/severne-SV-BOOM-black.svg]
[aus120.b-cdn.net/wp-content/uploads/jobfins-black.svg]
[aus120.b-cdn.net/wp-content/uploads/52inkicks-logo-black.svg]
[aus120.b-cdn.net/wp-content/uploads/SLAKE-black.svg]
[aus120.b-cdn.net/wp-content/uploads/World-Sailing-Logo.svg]
[aus120.b-cdn.net/wp-content/uploads/brisbane-logo-white.svg]
[aus120.b-cdn.net/wp-content/plugins/js_composer_salient/assets/lib/bower/animate-css/animate.min.css]
[aus120.b-cdn.net/wp-content/themes/aus120/css/build/style-non-critical.css]
[aus120.b-cdn.net/wp-content/themes/aus120/css/build/plugins/jquery.fancybox.css]
[aus120.b-cdn.net/wp-content/themes/aus120/css/build/off-canvas/core.css]
[aus120.b-cdn.net/wp-content/themes/aus120/css/build/off-canvas/simple-dropdown.css]
[aus120.b-cdn.net/wp-content/themes/aus120/css/fonts/fontawesome-webfont.svg]
[aus120.b-cdn.net/wp-content/themes/aus120/css/fonts/icomoon.svg]
[aus120.b-cdn.net/wp-content/themes/aus120-child/img/cookie-monster-consent.svg]
[aus120.b-cdn.net/wp-content/themes/aus120-child/img/diamond.html]
